[x]benchmark - id: password-req, title: 'linux password requirements xccdf', profile: 'custom'
	[ ]profile - id: profile-test, title: 'profile test'
	[ ]profile - id: none, title: 'none'
	[x]profile - id: custom, title: '-- customized --none'
	[x]group - id: pass-reqs, title: 'linux password requirement rules'
		[ ]rule - id: password-change-time, title: 'gen0000540 - password change time'
		[ ]rule - id: passwd-accts-password, title: 'gen0000560 - passwd accounts have passwords'
		[x]rule - id: pass-min-length, title: 'gen0000580 - password minimum length'
		[ ]rule - id: pam-pass-min-length, title: 'gen0000580 - (pam) password minimum length'
		[ ]rule - id: pass-min-alpha-upper, title: 'gen0000600 - (pam) password minimum uppercase characters'
		[ ]rule - id: pass-min-num, title: 'gen0000620 - (pam) password minimum numerics'
		[ ]rule - id: pass-min-special, title: 'gen0000640 - (pam) password minimum special characters'
		[ ]rule - id: pass-no-repeat, title: 'gen0000680 - (pam) passwords cannot repeat characters'
		[ ]rule - id: login-defs-pass-max-age, title: 'gen0000700-720 - (login.defs) passwords are changed every n days'
		[ ]rule - id: pass-max-age, title: 'gen0000700-720 - passwords are changed every n days'
		[ ]rule - id: pass-min-reuse, title: 'gen0000800 - (pam) passwords cannot be reused within n days'
[x]benchmark - id: passcomp, title: 'password complexity', profile: none
	[ ]profile - id: emptyprofile, title: 'an empty profile'
	[x]profile - id: none, title: 'none'
	[x]group - id: passcomp-g-2-2, title: 'password'
		[x]group - id: passcomp-g-2-3, title: 'password complexity'
			[x]rule - id: passcomp-r-2-1, title: 'lowercase'
			[x]rule - id: passcomp-r-2-2, title: 'min. length'
			[x]rule - id: passcomp-r-2-3, title: 'numeric'
			[x]rule - id: passcomp-r-2-4, title: 'special'
			[x]rule - id: passcomp-r-2-5, title: 'uppercase'
