Skipping sample-clip-secstate-integration
Generating HTML output...
