[ ]Benchmark - ID: password-req, Title: 'Linux Password Requirements XCCDF', Profile: 'myProfile'
	[ ]profile - id: profile-test, title: 'profile test'
	[ ]profile - id: none, title: 'none'
	[x]profile - id: myprofile, title: 'customized profile from secstate'
	[x]Group - ID: pass-reqs, Title: 'Linux Password Requirement Rules'
		[x]Rule - ID: password-change-time, Title: 'GEN0000540 - Password Change Time'
		[x]Rule - ID: passwd-accts-password, Title: 'GEN0000560 - Passwd Accounts Have Passwords'
		[x]Rule - ID: pass-min-length, Title: 'GEN0000580 - Password Minimum Length'
		[x]Rule - ID: pam-pass-min-length, Title: 'GEN0000580 - (PAM) Password Minimum Length'
		[x]Rule - ID: pass-min-alpha-upper, Title: 'GEN0000600 - (PAM) Password Minimum Uppercase Characters'
		[x]Rule - ID: pass-min-num, Title: 'GEN0000620 - (PAM) Password Minimum Numerics'
		[x]Rule - ID: pass-min-special, Title: 'GEN0000640 - (PAM) Password Minimum Special Characters'
		[x]Rule - ID: pass-no-repeat, Title: 'GEN0000680 - (PAM) Passwords Cannot Repeat Characters'
		[x]Rule - ID: login-defs-pass-max-age, Title: 'GEN0000700-720 - (Login.defs) Passwords Are Changed Every N Days'
		[x]Rule - ID: pass-max-age, Title: 'GEN0000700-720 - Passwords Are Changed Every N Days'
		[x]Rule - ID: pass-min-reuse, Title: 'GEN0000800 - (PAM) Passwords Cannot Be Reused Within N Days'
