Error parsing '/root/empty.xml': no element found: line 1, column 0
