usage: secstate list [options] [ContentID]

secstate: error: no such option: -q
